[backblue.gif]
[fade.gif]
[index.html]
[nbackchallenge.com/privacy-policy.html]
[nbackchallenge.com/images/ogLandingPage.png]
[www.googletagmanager.com/gtag/js3479]
[nbackchallenge.com/fonts/Inter-Regular.woff2]
[nbackchallenge.com/fonts/Inter-Medium.woff2]
[nbackchallenge.com/fonts/Inter-Bold.woff2]
[nbackchallenge.com/fonts/Inter-SemiBold.woff2]
[nbackchallenge.com/manifest.webmanifest]
[nbackchallenge.com/favicon.ico]
[nbackchallenge.com/apple-touch-icon.png]
[nbackchallenge.com/_next/static/chunks/polyfills-42372ed130431b0a.js]
[nbackchallenge.com/_next/static/chunks/webpack-6e7a34c5a4e150dd.js]
[nbackchallenge.com/_next/static/chunks/framework-e9c2361246278a7b.js]
[nbackchallenge.com/_next/static/chunks/main-aa8f9822d34a3ffb.js]
[nbackchallenge.com/_next/static/chunks/pages/_app-226302eec45f3707.js]
[nbackchallenge.com/_next/static/chunks/959-33a0db8b9f8c9fee.js]
[nbackchallenge.com/_next/static/chunks/pages/index-1cf5963da2a40c2c.js]
[nbackchallenge.com/_next/static/zbavQYyYxrDu6ljJ-TMKD/_buildManifest.js]
[nbackchallenge.com/_next/static/zbavQYyYxrDu6ljJ-TMKD/_ssgManifest.js]
[apps.apple.com/us/app/n-back-challenge/id1524599079.html]
[nbackchallenge.com/images/apple.svg]
[nbackchallenge.com/images/raiseYourIQ.svg]
[play.google.com/store/apps/detailsdd88.html]
[nbackchallenge.com/images/RootedInScience.svg]
[www.pnas.org/doi/full/10.1073/pnas.25.delayed]
[nbackchallenge.com/images/20sessions.svg]
[nbackchallenge.com/images/natureLogo.svg]
[nbackchallenge.com/images/iPhoneScreensInverted.svg]
[www.nytimes.com/2012/04/22/magazine/can-you-make-yourself-smarter.html]
[nbackchallenge.com/images/theNYTLogo.svg]
[nbackchallenge.com/images/theWSJLogo.svg]
[nbackchallenge.com/images/wiredLogo.svg]
[www.wired.com/2008/04/forget-researchers-develop-software-that-makes-you-smarter/index.html]
[t.me/nbackchallenge.html]
[www.linkedin.com/company/n-back-challenge.html]
[www.facebook.com/NBackChallenge.html]
[nbackchallenge.com/terms-of-use.html]
[nbackchallenge.com/index.html]
[nbackchallenge.com/images/iPhoneScreens.svg]
[nbackchallenge.com/company-details.html]
[www.instagram.com/nbackchallenge/index.html]
[nbackchallenge.com/images/burger.svg]
[nbackchallenge.com/images/burgerCloseIcon.svg]
[nbackchallenge.com/images/nbc.svg]
[nbackchallenge.com/images/appleGrey.svg]
[nbackchallenge.com/images/playStoreGrey.svg]
[nbackchallenge.com/icon.svg]
[nbackchallenge.com/fonts/Inter-Regular.woff]
[nbackchallenge.com/fonts/Inter-Medium.woff]
[nbackchallenge.com/fonts/Inter-Regular.ttf]
[nbackchallenge.com/fonts/Inter-SemiBold.woff]
[nbackchallenge.com/fonts/Inter-Medium.ttf]
[nbackchallenge.com/fonts/Inter-Bold.woff]
[nbackchallenge.com/fonts/Inter-SemiBold.ttf]
[nbackchallenge.com/_next/static/css/49a04fb6dd936701.css]
[nbackchallenge.com/_next/static/chunks/pages/articles-44e336e7d063d037.js]
[nbackchallenge.com/fonts/Inter-Bold.ttf]
[nbackchallenge.com/articles/how-to-raise-your-iq-according-to-cognitive-psychology.html]
[nbackchallenge.com/articles/track-your-n-back-stats-and-compete-against-friends-via-leaderboards.html]
[nbackchallenge.com/articles/what-science-tells-us-about-improving-brain-function-and-protecting-against-cognitive-decline.html]
[nbackchallenge.com/articles/smarter-students-using-dual-n-back-training-in-the-classroom.html]
[nbackchallenge.com/articles/why-and-how-you-should-keep-practicing-after-youve-completed-20-sessions-of-dual-n-back.html]
[nbackchallenge.com/articles/fight-age-related-cognitive-decline-by-playing-dual-n-back.html]
[nbackchallenge.com/articles/the-science-behind-dual-n-back-training.html]
[nbackchallenge.com/articles/understanding-the-advanced-settings-in-the-n-back-challenge.html]
[nbackchallenge.com/articles/a-smarter-workforce-using-dual-n-back-for-corporate-training.html]
[nbackchallenge.com/articles/sipping-coffee-why-we-ask-for-a-contribution-when-you-delay-an-n-back-session.html]
[nbackchallenge.com/articles/is-it-working-heres-what-to-watch-out-for-in-identifying-the-cognitive-benefits-from-dual-n-back.html]
[nbackchallenge.com/articles/how-to-get-the-most-out-of-your-dual-n-back-training.html]
[nbackchallenge.com/articles/practical-tips-on-how-to-get-through-20-dual-n-back-sessions.html]
[nbackchallenge.com/articles/why-its-worth-the-pain-to-complete-20-sessions-of-dual-n-back.html]
[nbackchallenge.com/articles.html]
[nbackchallenge.com/articles/how-to-play-dual-n-back-a-beginners-guide.html]
[nbackchallenge.com/images/ogImage.png]
[nbackchallenge.com/privacy-policy.html]
[nbackchallenge.com/_next/static/chunks/pages/privacy-policy-f7bccd6581ad55a7.js]
[apps.apple.com/us/app/n-back-challenge/id1524599079.html]
[nbackchallenge.com/images/apple.svg]
[www.facebook.com/AppStore/index.html]
[play.google.com/store/apps/details0459.html]
[play.google.com/store/apps/details0e01.html]
[play.google.com/store/apps/details711d.html]
[play.google.com/store/apps/details28ef.html]
[play.google.com/store/apps/detailsf3fe.html]
[play.google.com/store/apps/details9eb7.html]
[play.google.com/store/apps/details4405.html]
[play.google.com/store/apps/details035b.html]
[play.google.com/store/apps/details32db.html]
[play.google.com/store/apps/detailsd68d.html]
[play.google.com/store/apps/detailsefa3.html]
[play.google.com/store/apps/details80d9.html]
[play.google.com/store/apps/details9f5b.html]
[play.google.com/store/apps/detailsc797.html]
[play.google.com/store/apps/details5a59.html]
[play.google.com/store/apps/details9c6c.html]
[play.google.com/store/apps/details688d.html]
[play.google.com/store/apps/details6624.html]
[play.google.com/store/apps/details59ee.html]
[play.google.com/store/apps/details5254.html]
[play.google.com/store/apps/details7bc3.html]
[play.google.com/store/apps/details872c.html]
[play.google.com/store/apps/detailsae5e.html]
[play.google.com/store/apps/detailse5c0.html]
[play.google.com/store/apps/details734e.html]
[play.google.com/store/apps/details753d.html]
[play.google.com/store/apps/detailsb9be.html]
[play.google.com/store/apps/details0b86.html]
[play.google.com/store/apps/details689b.html]
[play.google.com/store/apps/details3268.html]
[play.google.com/store/apps/details9561.html]
[play.google.com/store/apps/details28ae.html]
[play.google.com/store/apps/details9275.html]
[play.google.com/store/apps/details93ba.html]
[play.google.com/store/apps/details0a5d.html]
[play.google.com/store/apps/detailsd2a7.html]
[play.google.com/store/apps/details8ad3.html]
[play.google.com/store/apps/detailsd88e.html]
[play.google.com/store/apps/details615e.html]
[play.google.com/store/apps/details87b8.html]
[play.google.com/store/apps/detailsea72.html]
[play.google.com/store/apps/detailsc845.html]
[play.google.com/store/apps/details3982.html]
[play.google.com/store/apps/detailsc58e.html]
[play.google.com/store/apps/details7f35.html]
[play.google.com/store/apps/details2d05.html]
[play.google.com/store/apps/detailsa3d2.html]
[play.google.com/store/apps/detailsd380.html]
[play.google.com/store/apps/detailsd630.html]
[play.google.com/store/apps/details6b7f.html]
[play.google.com/store/apps/details8032.html]
[play.google.com/store/apps/details16a7.html]
[play.google.com/store/apps/detailsb411.html]
[play.google.com/store/apps/details526e.html]
[play.google.com/store/apps/details34bd.html]
[play.google.com/store/apps/detailsf561.html]
[play.google.com/store/apps/detailse28f.html]
[play.google.com/store/apps/detailsc390.html]
[play.google.com/store/apps/detailse469.html]
[play.google.com/store/apps/details8f18.html]
[play.google.com/store/apps/detailsaaa4.html]
[play.google.com/store/apps/detailsd96b.html]
[play.google.com/store/apps/detailsba3e.html]
[play.google.com/store/apps/details7a4c.html]
[play.google.com/store/apps/details1613.html]
[play.google.com/store/apps/details18ce.html]
[play.google.com/store/apps/detailseaf2.html]
[play.google.com/store/apps/detailscebf.html]
[play.google.com/store/apps/details6fb0.html]
[play.google.com/store/apps/detailsc3f4.html]
[play.google.com/store/apps/details5925.html]
[play.google.com/store/apps/details5f23.html]
[play.google.com/store/apps/details2b7a.html]
[play.google.com/store/apps/details39fb.html]
[play.google.com/store/apps/detailsf670.html]
[play.google.com/store/apps/details5d3d.html]
[play.google.com/store/apps/details2ee1.html]
[play.google.com/store/apps/details5e84.html]
[play.google.com/store/apps/detailsbe68.html]
[play.google.com/store/apps/details019f.html]
[play.google.com/store/apps/details85a2.html]
[play.google.com/store/apps/detailse289.html]
[play.google.com/store/apps/detailsaf35.html]
[play.google.com/store/apps/detailsf7ca.html]
[play.google.com/store/apps/detailsc36b.html]
[play.google.com/store/apps/details053b.html]
[play.google.com/store/apps/details5f3a.html]
[play.google.com/store/apps/detailsbb5f.html]
[play.google.com/store/apps/detailsa2d9.html]
[play.google.com/store/apps/detailsb399.html]
[play.google.com/store/apps/details719a.html]
[play.google.com/store/apps/details4983.html]
[play.google.com/store/apps/detailse348.html]
[play.google.com/store/apps/detailse647.html]
[play.google.com/store/apps/detailsf09a.html]
[play.google.com/store/apps/details1938.html]
[play.google.com/store/apps/details7dad.html]
[play.google.com/store/apps/details8bf0.html]
[play.google.com/store/apps/detailsc57a.html]
[play.google.com/store/apps/details0329.html]
[play.google.com/store/apps/details042a.html]
[play.google.com/store/apps/details3ff4.html]
[play.google.com/store/apps/details424a.html]
[play.google.com/store/apps/detailse476.html]
[play.google.com/store/apps/detailsb04c.html]
[play.google.com/store/apps/detailsfdda.html]
[play.google.com/store/apps/detailsaea0.html]
[play.google.com/store/apps/details87d6.html]
[play.google.com/store/apps/detailsc425.html]
[play.google.com/store/apps/details4692.html]
[play.google.com/store/apps/details059a.html]
[play.google.com/store/apps/details3080.html]
[play.google.com/store/apps/details36ab.html]
[play.google.com/store/apps/details86eb.html]
[play.google.com/store/apps/detailsfde5.html]
[play.google.com/store/apps/category/FAMILY.html]
[play.google.com/store/apps/developer83d7.html]
[play.google.com/store/apps/datasafetydd88.html]
[play.google.com/store/apps/category/GAME_PUZZLE.html]
[play.google.com/store/apps/category/GAME_CASUAL.html]
[play.google.com/store/apps/collection/cluster0874.html]
[play.google.com/store/apps/details542b.html]
[play.google.com/store/apps/detailsed41.html]
[play.google.com/store/apps/detailse5a0.html]
[play.google.com/store/apps/details3008.html]
[play.google.com/store/apps/details3ee7.html]
[play.google.com/store/apps/detailsdd88.html]
[nbackchallenge.com/images/playStore.svg]
[nbackchallenge.com/images/raiseYourIQ.svg]
[nbackchallenge.com/images/RootedInScience.svg]
[www.pnas.org/doi/full/10.1073/pnas.html]
[nbackchallenge.com/images/20sessions.svg]
[nbackchallenge.com/images/iPhoneScreensInverted.svg]
[nbackchallenge.com/images/natureLogo.svg]
[play.google.com/store/apps/details7d07.html]
[www.nytimes.com/2012/04/22/magazine/window.e8.delayed]
[www.nytimes.com/2012/04/22/magazine/GET.e9.delayed]
[www.nytimes.com/2012/04/22/magazine/can-you-make-yourself-smarter.html]
[nbackchallenge.com/images/theNYTLogo.svg]
[www.wsj.com/articles/SB10001424052702304432304576371462612272884.html]
[nbackchallenge.com/images/theWSJLogo.svg]
[www.wired.com/2008/04/forget-researchers-develop-software-that-makes-you-smarter/index.html]
[nbackchallenge.com/images/wiredLogo.svg]
[www.facebook.com/wired/index.html]
[t.me/nbackchallenge.html]
[t.me/s/nbackchallenge.html]
[www.linkedin.com/company/n-back-challenge.html]
[www.linkedin.com/company/one-daily-nugget87eb.html]
[www.facebook.com/data/manifest/index.html]
[www.facebook.com/kollosche.com.html]
[www.facebook.com/news.com.html]
[www.facebook.com/TheAustralian.com.au/index.html]
[www.facebook.com/awstrack.html]
[www.facebook.com/l5c.html]
[www.facebook.com/HXwqdO.html]
[www.facebook.com/UBXxML.html]
[www.facebook.com/37aIUf.html]
[www.facebook.com/Ap3mkj.html]
[www.facebook.com/wMCsM7.html]
[www.facebook.com/aN4Lw8.html]
[www.facebook.com/GG03UK.html]
[www.facebook.com/VPNbRL.html]
[www.facebook.com/eDjLAI.html]
[www.facebook.com/m5Dkqb.html]
[www.facebook.com/Zw276C.html]
[www.facebook.com/gr2FW4.html]
[www.facebook.com/Sl2mOF.html]
[www.facebook.com/iWie9Q.html]
[www.facebook.com/NBackChallenge.html]
[www.facebook.com/K4fi6h.html]
[www.instagram.com/nbackchallenge/index7d7c.html]
[www.instagram.com/nbackchallenge/indexa209.html]
[www.instagram.com/nbackchallenge/indexfef7.html]
[www.instagram.com/nbackchallenge/index0016.html]
[www.instagram.com/nbackchallenge/indexde3a.html]
[www.instagram.com/nbackchallenge/indexf854.html]
[www.instagram.com/nbackchallenge/index9e29.html]
[www.instagram.com/nbackchallenge/index0b8e.html]
[www.instagram.com/nbackchallenge/index232e.html]
[www.instagram.com/nbackchallenge/index6dd3.html]
[www.instagram.com/nbackchallenge/index28b7.html]
[www.instagram.com/nbackchallenge/index539c.html]
[www.instagram.com/nbackchallenge/indexc581.html]
[www.instagram.com/nbackchallenge/indexaaeb.html]
[www.instagram.com/nbackchallenge/indexecc8.html]
[www.instagram.com/nbackchallenge/indexc91a.html]
[www.instagram.com/nbackchallenge/index0cf2.html]
[www.instagram.com/nbackchallenge/indexdc29.html]
[www.instagram.com/nbackchallenge/index014b.html]
[www.instagram.com/nbackchallenge/index5a9d.html]
[www.instagram.com/nbackchallenge/index7c40.html]
[www.instagram.com/nbackchallenge/index4017.html]
[www.instagram.com/nbackchallenge/indexb2db.html]
[www.instagram.com/nbackchallenge/index7a92.html]
[www.instagram.com/nbackchallenge/index9201.html]
[www.instagram.com/nbackchallenge/index5083.html]
[www.instagram.com/nbackchallenge/index1672.html]
[www.instagram.com/nbackchallenge/index.html]
[www.instagram.com/nbackchallenge/indexc13b.html]
[www.instagram.com/nbackchallenge/indexd294.html]
[www.instagram.com/nbackchallenge/index9e3e.html]
[www.instagram.com/nbackchallenge/index9841.html]
[www.instagram.com/nbackchallenge/index0f5d.html]
[www.instagram.com/nbackchallenge/indexad0b.html]
[nbackchallenge.com/terms-of-use.html]
[nbackchallenge.com/_next/static/chunks/pages/terms-of-use-9a51431203154593.js]
[www.instagram.com/nbackchallenge/indexe9b2.html]
[www.instagram.com/nbackchallenge/index5303.html]
[www.instagram.com/nbackchallenge/indexdb1e.html]
[www.instagram.com/nbackchallenge/indexff11.html]
[nbackchallenge.com/_next/static/chunks/pages/company-details-22293f47e3e7d497.js]
[www.instagram.com/nbackchallenge/indexf857.html]
[www.instagram.com/nbackchallenge/index882e.html]
[www.instagram.com/nbackchallenge/index6c7f.html]
[nbackchallenge.com/company-details.html]
[nbackchallenge.com/images/companyDetails.svg]
[www.instagram.com/nbackchallenge/index327f.html]
[www.instagram.com/nbackchallenge/index030f.html]
[www.instagram.com/nbackchallenge/index3a7e.html]
[www.instagram.com/nbackchallenge/indexb058.html]
[www.instagram.com/nbackchallenge/index9d29.html]
[nbackchallenge.com/_next/static/chunks/pages/articles/[slug]-147aba9ac8be2c35.js]
[www.instagram.com/nbackchallenge/index0fe5.html]
[www.instagram.com/nbackchallenge/indexc4e8.html]
[www.instagram.com/nbackchallenge/index2a81.html]
[www.instagram.com/nbackchallenge/index562e.html]
[nbackchallenge.com/articles/how-to-raise-your-iq-according-to-cognitive-psychology.html]
[www.instagram.com/nbackchallenge/index241a.html]
[nbackchallenge.com/articles/track-your-n-back-stats-and-compete-against-friends-via-leaderboards.html]
[www.instagram.com/nbackchallenge/index9c85.html]
[www.instagram.com/nbackchallenge/indexcfe2.html]
[www.instagram.com/nbackchallenge/index53ad.html]
[www.instagram.com/nbackchallenge/index9d00.html]
[nbackchallenge.com/articles/what-science-tells-us-about-improving-brain-function-and-protecting-against-cognitive-decline.html]
[www.instagram.com/nbackchallenge/indexf4a3.html]
[www.instagram.com/nbackchallenge/index514d.html]
[www.instagram.com/data/manifest.json/index.html]
[www.instagram.com/nbackchallenge/indexfafd.html]
[www.instagram.com/nbackchallenge/android-app_/com.instagram.android/https/instagram.com/_u/nbackchallenge/index.html]
[www.nature.com/articles/s41467-022-28735-5.html]
[www.instagram.com/nbackchallenge/theaustralian.com.au/index.html]
[www.instagram.com/nbackchallenge/kollosche.com.au/index.html]
[nbackchallenge.com/articles/smarter-students-using-dual-n-back-training-in-the-classroom.html]
[www.instagram.com/nbackchallenge/news.com.au/index.html]
[nbackchallenge.com/articles/why-and-how-you-should-keep-practicing-after-youve-completed-20-sessions-of-dual-n-back.html]
[www.instagram.com/nbackchallenge/awstrack.me/index.html]
[nbackchallenge.com/articles/fight-age-related-cognitive-decline-by-playing-dual-n-back.html]
[www.nature.com/articles/s41586-019-1466-y.html]
[www.instagram.com/nbackchallenge/Fd38M/index.html]
[www.instagram.com/nbackchallenge/a6wZSt/index.html]
[www.instagram.com/nbackchallenge/8ghYTK/index.html]
[www.instagram.com/nbackchallenge/vzy417/index.html]
[www.instagram.com/nbackchallenge/UxvmjA/index.html]
[www.instagram.com/nbackchallenge/+RQCqw/index.html]
[www.linkedin.com/company/n-back-challenge/index.html]
[www.nature.com/articles/s41598-020-62067-y.html]
[nbackchallenge.com/articles/the-science-behind-dual-n-back-training.html]
[nbackchallenge.com/articles/understanding-the-advanced-settings-in-the-n-back-challenge.html]
[nbackchallenge.com/articles/a-smarter-workforce-using-dual-n-back-for-corporate-training.html]
[nbackchallenge.com/articles/sipping-coffee-why-we-ask-for-a-contribution-when-you-delay-an-n-back-session.html]
[nbackchallenge.com/articles/is-it-working-heres-what-to-watch-out-for-in-identifying-the-cognitive-benefits-from-dual-n-back.html]
[nbackchallenge.com/articles/how-to-get-the-most-out-of-your-dual-n-back-training.html]
[nbackchallenge.com/articles/practical-tips-on-how-to-get-through-20-dual-n-back-sessions.html]
[nbackchallenge.com/articles/why-its-worth-the-pain-to-complete-20-sessions-of-dual-n-back.html]
[nbackchallenge.com/articles/how-to-play-dual-n-back-a-beginners-guide.html]
[www.facebook.com/AppStore/theaustralian.com.129.delayed]
[www.facebook.com/AppStore.html]
[www.facebook.com/AppStore/news.com.au]
[www.facebook.com/AppStore/kollosche.com.au]
[www.facebook.com/AppStore/awstrack.me]
[www.facebook.com/AppStore/l5c]
[www.facebook.com/AppStore/HXwqdO]
[www.facebook.com/AppStore/UBXxML]
[www.facebook.com/AppStore/37aIUf]
[www.facebook.com/AppStore/Ap3mkj]
[www.facebook.com/AppStore/wMCsM7]
[www.facebook.com/AppStore/aN4Lw8]
[www.facebook.com/AppStore/GG03UK]
[www.facebook.com/AppStore/VPNbRL]
[www.facebook.com/AppStore/eDjLAI]
[www.facebook.com/AppStore/m5Dkqb]
[www.facebook.com/AppStore/Zw276C]
[www.facebook.com/AppStore/gr2FW4]
[www.facebook.com/AppStore/Sl2mOF]
[www.facebook.com/AppStore/iWie9Q]
[www.facebook.com/AppStore/K4fi6h]
[www.facebook.com/AppStore/index.html]
[play.google.com/store/apps/details0459.html]
[play.google.com/store/apps/details0e01.html]
[play.google.com/store/apps/collection/clusterc6e4.html]
[play.google.com/store/apps/details711d.html]
[play.google.com/store/apps/collection/cluster36f9.html]
[play.google.com/store/apps/collection/cluster0601.html]
[play.google.com/store/apps/details28ef.html]
[play.google.com/store/apps/detailsf3fe.html]
[play.google.com/store/apps/collection/cluster6b29.html]
[play.google.com/store/apps/collection/clusterc53b.html]
[play.google.com/store/apps/details9eb7.html]
[play.google.com/store/apps/collection/clusterb3eb.html]
[play.google.com/store/apps/details4405.html]
[play.google.com/store/apps/collection/clusterdba9.html]
[play.google.com/store/apps/details035b.html]
[play.google.com/store/apps/collection/cluster3477.html]
[play.google.com/store/apps/details32db.html]
[play.google.com/store/apps/collection/clusterb410.html]
[play.google.com/store/apps/detailsd68d.html]
[play.google.com/store/apps/collection/clustercb73.html]
[play.google.com/store/apps/detailsefa3.html]
[play.google.com/store/apps/collection/clusteraad3.html]
[play.google.com/store/apps/details80d9.html]
[play.google.com/store/apps/collection/clustercfe0.html]
[play.google.com/store/apps/details9f5b.html]
[play.google.com/store/apps/collection/cluster0f47.html]
[play.google.com/store/apps/detailsc797.html]
[play.google.com/store/apps/details5a59.html]
[play.google.com/store/apps/collection/cluster3b3c.html]
[play.google.com/store/apps/collection/cluster859a.html]
[play.google.com/store/apps/details9c6c.html]
[play.google.com/store/apps/collection/cluster8df1.html]
[play.google.com/store/apps/details688d.html]
[play.google.com/store/apps/collection/clusterb667.html]
[play.google.com/store/apps/details6624.html]
[play.google.com/store/apps/details59ee.html]
[play.google.com/store/apps/collection/cluster1e49.html]
[play.google.com/store/apps/collection/clusterf573.html]
[play.google.com/store/apps/details5254.html]
[play.google.com/store/apps/details7bc3.html]
[play.google.com/store/apps/collection/cluster4926.html]
[play.google.com/store/apps/details872c.html]
[play.google.com/store/apps/detailsae5e.html]
[play.google.com/store/apps/collection/cluster6c1f.html]
[play.google.com/store/apps/detailse5c0.html]
[play.google.com/store/apps/collection/cluster7db2.html]
[play.google.com/store/apps/details734e.html]
[play.google.com/store/apps/collection/cluster33ea.html]
[play.google.com/store/apps/collection/clusterc0e4.html]
[play.google.com/store/apps/detailsb9be.html]
[play.google.com/store/apps/collection/cluster5831.html]
[play.google.com/store/apps/details6d97.html]
[play.google.com/store/apps/collection/clusteref94.html]
[play.google.com/store/apps/detailsbce8.html]
[play.google.com/store/apps/detailsedb9.html]
[play.google.com/store/apps/details753d.html]
[play.google.com/store/apps/detailsacc6.html]
[play.google.com/store/apps/details4521.html]
[play.google.com/store/apps/details0b86.html]
[play.google.com/store/apps/collection/clusterffb6.html]
[play.google.com/store/apps/details689b.html]
[play.google.com/store/apps/collection/cluster5f17.html]
[play.google.com/store/apps/details3268.html]
[play.google.com/store/apps/collection/cluster775f.html]
[play.google.com/store/apps/details9561.html]
[play.google.com/store/apps/collection/cluster787c.html]
[play.google.com/store/apps/details28ae.html]
[play.google.com/store/apps/collection/clusteraa02.html]
[play.google.com/store/apps/details9275.html]
[play.google.com/store/apps/collection/cluster33d4.html]
[play.google.com/store/apps/details93ba.html]
[play.google.com/store/apps/collection/clusterdafa.html]
[play.google.com/store/apps/details0a5d.html]
[play.google.com/store/apps/detailsd2a7.html]
[play.google.com/store/apps/collection/cluster81bf.html]
[play.google.com/store/apps/collection/cluster0bc3.html]
[play.google.com/store/apps/detailsd88e.html]
[play.google.com/store/apps/collection/clustera3da.html]
[play.google.com/store/apps/details8ad3.html]
[play.google.com/store/apps/collection/cluster1e69.html]
[play.google.com/store/apps/details615e.html]
[play.google.com/store/apps/collection/clustere1b1.html]
[play.google.com/store/apps/details87b8.html]
[play.google.com/store/apps/detailsea72.html]
[play.google.com/store/apps/collection/cluster10c4.html]
[play.google.com/store/apps/detailsc845.html]
[play.google.com/store/apps/details3982.html]
[play.google.com/store/apps/collection/clusterfcf2.html]
[play.google.com/store/apps/details7f35.html]
[play.google.com/store/apps/detailsc58e.html]
[play.google.com/store/apps/collection/cluster5cbd.html]
[play.google.com/store/apps/detailsa3d2.html]
[play.google.com/store/apps/collection/cluster2cd2.html]
[play.google.com/store/apps/details2d05.html]
[play.google.com/store/apps/collection/clusterf405.html]
[play.google.com/store/apps/collection/clusteraae8.html]
[play.google.com/store/apps/detailsd380.html]
[play.google.com/store/apps/collection/cluster5d78.html]
[play.google.com/store/apps/detailsd630.html]
[play.google.com/store/apps/collection/cluster1f4e.html]
[play.google.com/store/apps/details6b7f.html]
[play.google.com/store/apps/collection/cluster2d26.html]
[play.google.com/store/apps/details8032.html]
[play.google.com/store/apps/collection/cluster037e.html]
[play.google.com/store/apps/details16a7.html]
[play.google.com/store/apps/collection/clustera243.html]
[play.google.com/store/apps/detailsb411.html]
[play.google.com/store/apps/details526e.html]
[play.google.com/store/apps/collection/cluster9c89.html]
[play.google.com/store/apps/collection/cluster56b8.html]
[play.google.com/store/apps/details34bd.html]
[play.google.com/store/apps/collection/cluster4d64.html]
[play.google.com/store/apps/detailsf561.html]
[play.google.com/store/apps/collection/cluster256c.html]
[play.google.com/store/apps/detailse28f.html]
[play.google.com/store/apps/collection/cluster070d.html]
[play.google.com/store/apps/detailsc390.html]
[play.google.com/store/apps/detailse469.html]
[play.google.com/store/apps/collection/clusterd516.html]
[play.google.com/store/apps/collection/cluster3804.html]
[play.google.com/store/apps/details8f18.html]
[play.google.com/store/apps/collection/cluster14e4.html]
[play.google.com/store/apps/detailsaaa4.html]
[play.google.com/store/apps/collection/cluster04a2.html]
[play.google.com/store/apps/detailsba3e.html]
[play.google.com/store/apps/collection/cluster5490.html]
[play.google.com/store/apps/detailsd96b.html]
[play.google.com/store/apps/collection/clusterf4a0.html]
[play.google.com/store/apps/collection/clusterc3b5.html]
[play.google.com/store/apps/detailsf6d2.html]
[play.google.com/store/apps/details7f3a.html]
[play.google.com/store/apps/details25b9.html]
[play.google.com/store/apps/details0ca7.html]
[play.google.com/store/apps/details1613.html]
[play.google.com/store/apps/details1ed6.html]
[play.google.com/store/apps/details0343.html]
[play.google.com/store/apps/details7a4c.html]
[play.google.com/store/apps/collection/cluster58f8.html]
[play.google.com/store/apps/details18ce.html]
[play.google.com/store/apps/collection/cluster8b80.html]
[play.google.com/store/apps/collection/cluster7119.html]
[play.google.com/store/apps/detailseaf2.html]
[play.google.com/store/apps/details7979.html]
[play.google.com/store/apps/details7944.html]
[play.google.com/store/apps/detailscebf.html]
[play.google.com/store/apps/collection/cluster5e3a.html]
[play.google.com/store/apps/details6fb0.html]
[play.google.com/store/apps/collection/cluster1d0b.html]
[play.google.com/store/apps/detailsc3f4.html]
[play.google.com/store/apps/details5925.html]
[play.google.com/store/apps/collection/clusteree0f.html]
[play.google.com/store/apps/collection/cluster6e9e.html]
[play.google.com/store/apps/details5f23.html]
[play.google.com/store/apps/collection/clusterdf4f.html]
[play.google.com/store/apps/detailsd2ce.html]
[play.google.com/store/apps/details2b7a.html]
[play.google.com/store/apps/collection/clustere3ec.html]
[play.google.com/store/apps/details39fb.html]
[play.google.com/store/apps/collection/cluster2267.html]
[play.google.com/store/apps/detailsf670.html]
[play.google.com/store/apps/collection/cluster7e92.html]
[play.google.com/store/apps/details5d3d.html]
[play.google.com/store/apps/collection/cluster027d.html]
[play.google.com/store/apps/details2ee1.html]
[play.google.com/store/apps/details5e84.html]
[play.google.com/store/apps/collection/clusterf7c2.html]
[play.google.com/store/apps/collection/clustera8a4.html]
[play.google.com/store/apps/detailsbe68.html]
[play.google.com/store/apps/collection/clusterc18b.html]
[play.google.com/store/apps/details019f.html]
[play.google.com/store/apps/collection/cluster66f7.html]
[play.google.com/store/apps/detailse289.html]
[play.google.com/store/apps/detailsaf35.html]
[play.google.com/store/apps/collection/cluster20b8.html]
[play.google.com/store/apps/collection/cluster513f.html]
[play.google.com/store/apps/details85a2.html]
[play.google.com/store/apps/collection/cluster1022.html]
[play.google.com/store/apps/detailsf7ca.html]
[play.google.com/store/apps/collection/clustera84d.html]
[play.google.com/store/apps/detailsc36b.html]
[play.google.com/store/apps/collection/cluster6e1c.html]
[play.google.com/store/apps/details053b.html]
[play.google.com/store/apps/collection/clusterc1bb.html]
[play.google.com/store/apps/details5f3a.html]
[play.google.com/store/apps/collection/cluster39a0.html]
[play.google.com/store/apps/detailsbb5f.html]
[play.google.com/store/apps/collection/cluster08cd.html]
[play.google.com/store/apps/detailsb399.html]
[play.google.com/store/apps/collection/cluster5841.html]
[play.google.com/store/apps/detailsa2d9.html]
[play.google.com/store/apps/collection/cluster56d1.html]
[play.google.com/store/apps/details719a.html]
[play.google.com/store/apps/collection/cluster83b6.html]
[play.google.com/store/apps/detailse348.html]
[play.google.com/store/apps/collection/cluster678b.html]
[play.google.com/store/apps/details4983.html]
[play.google.com/store/apps/collection/cluster26a0.html]
[play.google.com/store/apps/detailsf09a.html]
[play.google.com/store/apps/collection/cluster60f4.html]
[play.google.com/store/apps/detailse647.html]
[play.google.com/store/apps/collection/clustera6e2.html]
[play.google.com/store/apps/details7dad.html]
[play.google.com/store/apps/collection/cluster92b4.html]
[play.google.com/store/apps/details1938.html]
[play.google.com/store/apps/collection/cluster3fd5.html]
[play.google.com/store/apps/details8bf0.html]
[play.google.com/store/apps/detailsc57a.html]
[play.google.com/store/apps/collection/cluster74e2.html]
[play.google.com/store/apps/collection/cluster654b.html]
[play.google.com/store/apps/details0329.html]
[play.google.com/store/apps/collection/cluster0614.html]
[play.google.com/store/apps/details042a.html]
[play.google.com/store/apps/details3ff4.html]
[play.google.com/store/apps/collection/cluster6d68.html]
[play.google.com/store/apps/collection/cluster55ee.html]
[play.google.com/store/apps/details424a.html]
[play.google.com/store/apps/detailse476.html]
[play.google.com/store/apps/collection/clusterf43d.html]
[play.google.com/store/apps/collection/cluster7a1c.html]
[play.google.com/store/apps/detailsb04c.html]
[play.google.com/store/apps/collection/cluster8f91.html]
[play.google.com/store/apps/detailsfdda.html]
[play.google.com/store/apps/collection/clusterba7f.html]
[play.google.com/store/apps/detailsaea0.html]
[play.google.com/store/apps/collection/cluster10d1.html]
[play.google.com/store/apps/details87d6.html]
[play.google.com/store/apps/detailsc425.html]
[play.google.com/store/apps/details4692.html]
[play.google.com/store/apps/collection/cluster7dad.html]
[play.google.com/store/apps/collection/clusterb610.html]
[play.google.com/store/apps/collection/cluster8774.html]
[play.google.com/store/apps/collection/clusterc479.html]
[play.google.com/store/apps/details059a.html]
[play.google.com/store/apps/details3080.html]
[play.google.com/store/apps/details824e.html]
[play.google.com/store/apps/details52a3.html]
[play.google.com/store/apps/details36ab.html]
[play.google.com/store/apps/details86eb.html]
[play.google.com/store/apps/collection/clustere779.html]
[play.google.com/store/apps/detailsfde5.html]
[play.google.com/store/apps/collection/cluster0ea8.html]
[play.google.com/store/apps/category/FAMILY867e.html]
[play.google.com/store/apps/category/FAMILYc581.html]
[play.google.com/store/apps/category/FAMILYaf70.html]
[play.google.com/store/apps/category/FAMILY562e.html]
[play.google.com/store/apps/category/FAMILYf21d.html]
[play.google.com/store/apps/category/FAMILYce56.html]
[play.google.com/store/apps/category/FAMILY4aaf.html]
[play.google.com/store/apps/category/FAMILY3a7e.html]
[play.google.com/store/apps/category/FAMILYd294.html]
[play.google.com/store/apps/category/FAMILY422c.html]
[play.google.com/store/apps/category/FAMILYa3bf.html]
[play.google.com/store/apps/category/FAMILY539c.html]
[play.google.com/store/apps/category/FAMILY0016.html]
[play.google.com/store/apps/category/FAMILYecc8.html]
[play.google.com/store/apps/category/FAMILYda5f.html]
[play.google.com/store/apps/category/FAMILYaaeb.html]
[play.google.com/store/apps/category/FAMILYef50.html]
[play.google.com/store/apps/category/FAMILYfef7.html]
[play.google.com/store/apps/category/FAMILY1b72.html]
[play.google.com/store/apps/category/FAMILYc0e2.html]
[play.google.com/store/apps/category/FAMILY8824.html]
[play.google.com/store/apps/category/FAMILY5246.html]
[play.google.com/store/apps/category/FAMILYf829.html]
[play.google.com/store/apps/category/FAMILYe31b.html]
[play.google.com/store/apps/category/FAMILY27fc.html]
[play.google.com/store/apps/category/FAMILY724e.html]
[play.google.com/store/apps/category/FAMILYde3a.html]
[play.google.com/store/apps/category/FAMILY2826.html]
[play.google.com/store/apps/category/FAMILYe543.html]
[play.google.com/store/apps/category/FAMILY69c8.html]
[play.google.com/store/apps/category/FAMILY647c.html]
[play.google.com/store/apps/category/FAMILYc8e9.html]
[play.google.com/store/apps/category/FAMILY097c.html]
[play.google.com/store/apps/category/FAMILY691f.html]
[play.google.com/store/apps/category/FAMILY146c.html]
[play.google.com/store/apps/category/FAMILYe5f1.html]
[play.google.com/store/apps/category/FAMILY5c32.html]
[play.google.com/store/apps/category/FAMILYbc18.html]
[play.google.com/store/apps/category/FAMILYc8eb.html]
[play.google.com/store/apps/category/FAMILY41a6.html]
[play.google.com/store/apps/category/FAMILYc2f3.html]
[play.google.com/store/apps/category/FAMILYb749.html]
[play.google.com/store/apps/category/FAMILYd1f9.html]
