[nbackchallenge.com/index.html]
[backblue.gif]
[fade.gif]
[index.html]
[nbackchallenge.com/images/ogLandingPage.png]
[nbackchallenge.com/images/iPhoneScreens.svg]
[www.googletagmanager.com/gtag/js3479]
[nbackchallenge.com/images/appleGrey.svg]
[nbackchallenge.com/fonts/Inter-Regular.woff2]
[nbackchallenge.com/fonts/Inter-Medium.woff2]
[nbackchallenge.com/fonts/Inter-Bold.woff2]
[nbackchallenge.com/fonts/Inter-SemiBold.woff2]
[nbackchallenge.com/manifest.webmanifest]
[nbackchallenge.com/favicon.ico]
[nbackchallenge.com/apple-touch-icon.png]
[nbackchallenge.com/_next/static/css/49a04fb6dd936701.css]
[nbackchallenge.com/_next/static/chunks/polyfills-42372ed130431b0a.js]
[nbackchallenge.com/_next/static/chunks/webpack-6e7a34c5a4e150dd.js]
[nbackchallenge.com/_next/static/chunks/framework-e9c2361246278a7b.js]
[nbackchallenge.com/_next/static/chunks/main-aa8f9822d34a3ffb.js]
[nbackchallenge.com/_next/static/chunks/pages/_app-226302eec45f3707.js]
[nbackchallenge.com/_next/static/chunks/959-33a0db8b9f8c9fee.js]
[nbackchallenge.com/_next/static/chunks/pages/index-1cf5963da2a40c2c.js]
[nbackchallenge.com/_next/static/zbavQYyYxrDu6ljJ-TMKD/_buildManifest.js]
[nbackchallenge.com/_next/static/zbavQYyYxrDu6ljJ-TMKD/_ssgManifest.js]
[nbackchallenge.com/articles.html]
